extractorMessages
| 5 |
compilerDiagnostics
| 4 |
compilationInfo
| Compiler diagnostic count for CS0103 | 3.0 |
| Compiler diagnostic count for CS8019 | 7.0 |
